// Jest Snapshot v1, https://goo.gl/fbAQLP

exports[`<CardGallery /> render without crashing 1`] = `""`;
